BUILD FAILED in 18s
